// Jest Snapshot v1, https://goo.gl/fbAQLP

exports[`Check Props Matches snapshot with custom props 1`] = `
<div
  className="css-137uxmb"
  onKeyDown={[Function]}
>
  <button
    ari-describedby={null}
    aria-label="React Simple Dropdown"
    aria-labelledby={null}
    className="custom-class css-assshr"
    disabled={true}
    id="dropdown"
    onClick={[Function]}
    onKeyDown={[Function]}
    type="button"
  >
    <div
      className="css-1fhu87z"
    >
      1
    </div>
    <div
      className="css-sfaqia"
    />
  </button>
  <ul
    className="css-oqb566"
  >
    <ForwardRef
      key="1"
      onOptionClicked={[Function]}
      option={
        Object {
          "ariaLabel": "ariaLabel",
          "className": "className",
          "iconClass": "fab fa-js-square",
          "title": "title",
          "value": "1",
        }
      }
      optionClass="className css-1j0wxjc"
    />
    <ForwardRef
      key="2"
      onOptionClicked={[Function]}
      option={
        Object {
          "ariaLabel": "ariaLabel",
          "className": "className",
          "iconClass": "fab fa-js-square",
          "title": "title",
          "value": "2",
        }
      }
      optionClass="className css-1j0wxjc"
    />
    <ForwardRef
      key="3"
      onOptionClicked={[Function]}
      option={
        Object {
          "ariaLabel": "ariaLabel",
          "className": "className",
          "iconClass": "fab fa-js-square",
          "title": "title",
          "value": "3",
        }
      }
      optionClass="className css-1j0wxjc"
    />
  </ul>
</div>
`;

exports[`Check Props Matches snapshot with default props 1`] = `
<div
  className="css-1tvgpda"
  onKeyDown={[Function]}
>
  <button
    ari-describedby={null}
    aria-label={null}
    aria-labelledby={null}
    className="css-assshr"
    disabled={false}
    id={null}
    onClick={[Function]}
    onKeyDown={[Function]}
    type="button"
  >
    <div
      className="css-1v5tzl8"
    >
      Select ...
    </div>
    <div
      className="css-sfaqia"
    />
  </button>
  <ul
    className="css-135hdaw"
  />
</div>
`;

exports[`Check Props Matches snapshot with grouped options 1`] = `
<div
  className="css-1tvgpda"
  onKeyDown={[Function]}
>
  <button
    ari-describedby={null}
    aria-label={null}
    aria-labelledby={null}
    className="css-assshr"
    disabled={false}
    id={null}
    onClick={[Function]}
    onKeyDown={[Function]}
    type="button"
  >
    <div
      className="css-1fhu87z"
    >
      1
    </div>
    <div
      className="css-sfaqia"
    />
  </button>
  <ul
    className="css-135hdaw"
  >
    <div
      className="css-dckqxd"
      key="numbers"
    >
      <div
        className="css-n02qli"
      >
        <div>
          NUMBERS
        </div>
        <div>
          10
        </div>
      </div>
      <ForwardRef
        key="1"
        onOptionClicked={[Function]}
        option={
          Object {
            "value": "1",
          }
        }
        optionClass="css-1j0wxjc"
      />
      <ForwardRef
        key="2"
        onOptionClicked={[Function]}
        option={
          Object {
            "value": "2",
          }
        }
        optionClass="css-1j0wxjc"
      />
      <ForwardRef
        key="3"
        onOptionClicked={[Function]}
        option={
          Object {
            "value": "3",
          }
        }
        optionClass="css-1j0wxjc"
      />
      <ForwardRef
        key="4"
        onOptionClicked={[Function]}
        option={
          Object {
            "value": "4",
          }
        }
        optionClass="css-1j0wxjc"
      />
      <ForwardRef
        key="5"
        onOptionClicked={[Function]}
        option={
          Object {
            "value": "5",
          }
        }
        optionClass="css-1j0wxjc"
      />
      <ForwardRef
        key="6"
        onOptionClicked={[Function]}
        option={
          Object {
            "value": "6",
          }
        }
        optionClass="css-1j0wxjc"
      />
      <ForwardRef
        key="7"
        onOptionClicked={[Function]}
        option={
          Object {
            "value": "7",
          }
        }
        optionClass="css-1j0wxjc"
      />
      <ForwardRef
        key="8"
        onOptionClicked={[Function]}
        option={
          Object {
            "value": "8",
          }
        }
        optionClass="css-1j0wxjc"
      />
      <ForwardRef
        key="9"
        onOptionClicked={[Function]}
        option={
          Object {
            "value": "9",
          }
        }
        optionClass="css-1j0wxjc"
      />
      <ForwardRef
        key="10"
        onOptionClicked={[Function]}
        option={
          Object {
            "value": "10",
          }
        }
        optionClass="css-1j0wxjc"
      />
    </div>
    <div
      className="css-dckqxd"
      key="letters"
    >
      <div
        className="css-n02qli"
      >
        <div>
          LETTERS
        </div>
        <div>
          10
        </div>
      </div>
      <ForwardRef
        key="a"
        onOptionClicked={[Function]}
        option={
          Object {
            "value": "a",
          }
        }
        optionClass="css-1j0wxjc"
      />
      <ForwardRef
        key="b"
        onOptionClicked={[Function]}
        option={
          Object {
            "value": "b",
          }
        }
        optionClass="css-1j0wxjc"
      />
      <ForwardRef
        key="c"
        onOptionClicked={[Function]}
        option={
          Object {
            "value": "c",
          }
        }
        optionClass="css-1j0wxjc"
      />
      <ForwardRef
        key="d"
        onOptionClicked={[Function]}
        option={
          Object {
            "value": "d",
          }
        }
        optionClass="css-1j0wxjc"
      />
      <ForwardRef
        key="e"
        onOptionClicked={[Function]}
        option={
          Object {
            "value": "e",
          }
        }
        optionClass="css-1j0wxjc"
      />
      <ForwardRef
        key="f"
        onOptionClicked={[Function]}
        option={
          Object {
            "value": "f",
          }
        }
        optionClass="css-1j0wxjc"
      />
      <ForwardRef
        key="g"
        onOptionClicked={[Function]}
        option={
          Object {
            "value": "g",
          }
        }
        optionClass="css-1j0wxjc"
      />
      <ForwardRef
        key="h"
        onOptionClicked={[Function]}
        option={
          Object {
            "value": "h",
          }
        }
        optionClass="css-1j0wxjc"
      />
      <ForwardRef
        key="i"
        onOptionClicked={[Function]}
        option={
          Object {
            "value": "i",
          }
        }
        optionClass="css-1j0wxjc"
      />
      <ForwardRef
        key="j"
        onOptionClicked={[Function]}
        option={
          Object {
            "value": "j",
          }
        }
        optionClass="css-1j0wxjc"
      />
    </div>
  </ul>
</div>
`;
